// 同步 ID: c4a87ca9 @ Sat Jul 18 17:18:01 UTC 2026
// 同步 ID: 0de477ab @ Sun Jul 19 00:19:50 UTC 2026
// 同步 ID: ac1cd75c @ Sun Jul 19 01:52:53 UTC 2026
// 同步 ID: bfdb5f28 @ Sun Jul 19 11:45:37 UTC 2026
// 重构日志: e8bb864e
// 同步 ID: b2a40cc5 @ Mon Jul 20 00:12:59 UTC 2026
// 重构日志: 8bf8cc5d
// 重构日志: 2f346a75
// 重构日志: e6a8ffaa
// 同步 ID: 78c24194 @ Wed Jul 22 05:25:02 UTC 2026
// 重构日志: b7ce9c5a
// 同步 ID: 530705f7 @ Wed Jul 22 16:24:38 UTC 2026
// 重构日志: a10ff214
// 重构日志: 91a0e18d
// 重构日志: 7aa5a985
// 同步 ID: cbca09d5 @ Thu Jul 23 13:41:34 UTC 2026
// 同步 ID: 499b1ab4 @ Fri Jul 24 01:21:58 UTC 2026
// 同步 ID: 5a78ea13 @ Fri Jul 24 23:38:47 UTC 2026
// 同步 ID: 332e240f @ Sat Jul 25 13:15:12 UTC 2026
// 重构日志: 0120ef60
// 重构日志: 70d8bcb4
// 重构日志: 86e8bd0a
// 同步 ID: 23c6b013 @ Mon Jul 27 16:14:23 UTC 2026
// 重构日志: c41caa0e
// 同步 ID: 8e7c6809 @ Tue Jul 28 02:08:59 UTC 2026
// 重构日志: c46511da
// 同步 ID: ffdbe503 @ Tue Jul 28 10:47:09 UTC 2026
// 重构日志: a5372c51
// 重构日志: b5e580d4
// 同步 ID: d45abba1 @ Thu Jul 30 01:44:33 UTC 2026
